------------------------------------------------------------
TimeQuest Timing Analyzer Summary
------------------------------------------------------------

Type  : Slow 1100mV 85C Model Setup 'clk_audbck'
Slack : -6.720
TNS   : -78.493

Type  : Slow 1100mV 85C Model Setup 'CLOCK_50'
Slack : 10.357
TNS   : 0.000

Type  : Slow 1100mV 85C Model Setup 'altera_reserved_tck'
Slack : 10.807
TNS   : 0.000

Type  : Slow 1100mV 85C Model Hold 'CLOCK_50'
Slack : 0.222
TNS   : 0.000

Type  : Slow 1100mV 85C Model Hold 'clk_audbck'
Slack : 0.233
TNS   : 0.000

Type  : Slow 1100mV 85C Model Hold 'altera_reserved_tck'
Slack : 0.359
TNS   : 0.000

Type  : Slow 1100mV 85C Model Recovery 'clk_audbck'
Slack : -7.535
TNS   : -1554.729

Type  : Slow 1100mV 85C Model Recovery 'CLOCK_50'
Slack : 11.089
TNS   : 0.000

Type  : Slow 1100mV 85C Model Recovery 'altera_reserved_tck'
Slack : 35.899
TNS   : 0.000

Type  : Slow 1100mV 85C Model Removal 'clk_audbck'
Slack : 0.386
TNS   : 0.000

Type  : Slow 1100mV 85C Model Removal 'altera_reserved_tck'
Slack : 0.634
TNS   : 0.000

Type  : Slow 1100mV 85C Model Removal 'CLOCK_50'
Slack : 1.227
TNS   : 0.000

Type  : Slow 1100mV 85C Model Minimum Pulse Width 'CLOCK_50'
Slack : 8.868
TNS   : 0.000

Type  : Slow 1100mV 85C Model Minimum Pulse Width 'altera_reserved_tck'
Slack : 18.634
TNS   : 0.000

Type  : Slow 1100mV 85C Model Minimum Pulse Width 'clk_audbck'
Slack : 140.083
TNS   : 0.000

Type  : Slow 1100mV 0C Model Setup 'clk_audbck'
Slack : -6.531
TNS   : -76.060

Type  : Slow 1100mV 0C Model Setup 'CLOCK_50'
Slack : 10.527
TNS   : 0.000

Type  : Slow 1100mV 0C Model Setup 'altera_reserved_tck'
Slack : 10.882
TNS   : 0.000

Type  : Slow 1100mV 0C Model Hold 'CLOCK_50'
Slack : 0.215
TNS   : 0.000

Type  : Slow 1100mV 0C Model Hold 'clk_audbck'
Slack : 0.217
TNS   : 0.000

Type  : Slow 1100mV 0C Model Hold 'altera_reserved_tck'
Slack : 0.357
TNS   : 0.000

Type  : Slow 1100mV 0C Model Recovery 'clk_audbck'
Slack : -7.232
TNS   : -1490.633

Type  : Slow 1100mV 0C Model Recovery 'CLOCK_50'
Slack : 11.539
TNS   : 0.000

Type  : Slow 1100mV 0C Model Recovery 'altera_reserved_tck'
Slack : 36.096
TNS   : 0.000

Type  : Slow 1100mV 0C Model Removal 'clk_audbck'
Slack : 0.207
TNS   : 0.000

Type  : Slow 1100mV 0C Model Removal 'altera_reserved_tck'
Slack : 0.607
TNS   : 0.000

Type  : Slow 1100mV 0C Model Removal 'CLOCK_50'
Slack : 1.152
TNS   : 0.000

Type  : Slow 1100mV 0C Model Minimum Pulse Width 'CLOCK_50'
Slack : 8.903
TNS   : 0.000

Type  : Slow 1100mV 0C Model Minimum Pulse Width 'altera_reserved_tck'
Slack : 18.650
TNS   : 0.000

Type  : Slow 1100mV 0C Model Minimum Pulse Width 'clk_audbck'
Slack : 140.081
TNS   : 0.000

Type  : Fast 1100mV 85C Model Setup 'clk_audbck'
Slack : -5.003
TNS   : -58.064

Type  : Fast 1100mV 85C Model Setup 'altera_reserved_tck'
Slack : 12.888
TNS   : 0.000

Type  : Fast 1100mV 85C Model Setup 'CLOCK_50'
Slack : 14.379
TNS   : 0.000

Type  : Fast 1100mV 85C Model Hold 'CLOCK_50'
Slack : 0.131
TNS   : 0.000

Type  : Fast 1100mV 85C Model Hold 'clk_audbck'
Slack : 0.136
TNS   : 0.000

Type  : Fast 1100mV 85C Model Hold 'altera_reserved_tck'
Slack : 0.149
TNS   : 0.000

Type  : Fast 1100mV 85C Model Recovery 'clk_audbck'
Slack : -5.429
TNS   : -1125.415

Type  : Fast 1100mV 85C Model Recovery 'CLOCK_50'
Slack : 13.809
TNS   : 0.000

Type  : Fast 1100mV 85C Model Recovery 'altera_reserved_tck'
Slack : 37.058
TNS   : 0.000

Type  : Fast 1100mV 85C Model Removal 'altera_reserved_tck'
Slack : 0.352
TNS   : 0.000

Type  : Fast 1100mV 85C Model Removal 'clk_audbck'
Slack : 0.535
TNS   : 0.000

Type  : Fast 1100mV 85C Model Removal 'CLOCK_50'
Slack : 0.715
TNS   : 0.000

Type  : Fast 1100mV 85C Model Minimum Pulse Width 'CLOCK_50'
Slack : 8.476
TNS   : 0.000

Type  : Fast 1100mV 85C Model Minimum Pulse Width 'altera_reserved_tck'
Slack : 18.399
TNS   : 0.000

Type  : Fast 1100mV 85C Model Minimum Pulse Width 'clk_audbck'
Slack : 139.688
TNS   : 0.000

Type  : Fast 1100mV 0C Model Setup 'clk_audbck'
Slack : -4.348
TNS   : -50.421

Type  : Fast 1100mV 0C Model Setup 'altera_reserved_tck'
Slack : 13.011
TNS   : 0.000

Type  : Fast 1100mV 0C Model Setup 'CLOCK_50'
Slack : 14.858
TNS   : 0.000

Type  : Fast 1100mV 0C Model Hold 'CLOCK_50'
Slack : 0.119
TNS   : 0.000

Type  : Fast 1100mV 0C Model Hold 'clk_audbck'
Slack : 0.123
TNS   : 0.000

Type  : Fast 1100mV 0C Model Hold 'altera_reserved_tck'
Slack : 0.125
TNS   : 0.000

Type  : Fast 1100mV 0C Model Recovery 'clk_audbck'
Slack : -4.716
TNS   : -974.478

Type  : Fast 1100mV 0C Model Recovery 'CLOCK_50'
Slack : 14.589
TNS   : 0.000

Type  : Fast 1100mV 0C Model Recovery 'altera_reserved_tck'
Slack : 37.409
TNS   : 0.000

Type  : Fast 1100mV 0C Model Removal 'clk_audbck'
Slack : 0.151
TNS   : 0.000

Type  : Fast 1100mV 0C Model Removal 'altera_reserved_tck'
Slack : 0.326
TNS   : 0.000

Type  : Fast 1100mV 0C Model Removal 'CLOCK_50'
Slack : 0.646
TNS   : 0.000

Type  : Fast 1100mV 0C Model Minimum Pulse Width 'CLOCK_50'
Slack : 8.431
TNS   : 0.000

Type  : Fast 1100mV 0C Model Minimum Pulse Width 'altera_reserved_tck'
Slack : 18.429
TNS   : 0.000

Type  : Fast 1100mV 0C Model Minimum Pulse Width 'clk_audbck'
Slack : 139.645
TNS   : 0.000

------------------------------------------------------------
